Archive member included to satisfy reference by file (symbol)

c:/program files (x86)/atmel/studio/7.0/toolchain/avr8/avr8-gnu-toolchain/bin/../lib/gcc/avr/5.4.0/avr5\libgcc.a(_exit.o)
                              C:/Program Files (x86)/Atmel/Studio/7.0/Packs/atmel/ATmega_DFP/1.7.374/gcc/dev/atmega32/avr5/crtatmega32.o (exit)
c:/program files (x86)/atmel/studio/7.0/toolchain/avr8/avr8-gnu-toolchain/bin/../lib/gcc/avr/5.4.0/avr5\libgcc.a(_clear_bss.o)
                              App/App.o (__do_clear_bss)
c:/program files (x86)/atmel/studio/7.0/toolchain/avr8/avr8-gnu-toolchain/bin/../lib/gcc/avr/5.4.0/avr5\libgcc.a(_umulhisi3.o)
                              App/App.o (__umulhisi3)

Allocating common symbols
Common symbol       size              file

counter_timer0      0x1               App/App.o
CrrTemp             0x1               App/App.o
arr_counter         0x1               App/App.o
temp_measure_f      0x1               App/App.o
right               0x1               App/App.o
state               0x1               App/App.o
left                0x1               App/App.o
actual_temp         0x1               App/App.o
end                 0x1               App/App.o
avg_temp            0x1               App/App.o
heat                0x1               App/App.o
ovf                 0x1               App/App.o
SetTemp             0x1               App/App.o
counter_timer1      0x1               App/App.o
temp_arr            0xa               App/App.o

Discarded input sections

 .data          0x00000000        0x0 C:/Program Files (x86)/Atmel/Studio/7.0/Packs/atmel/ATmega_DFP/1.7.374/gcc/dev/atmega32/avr5/crtatmega32.o
 .bss           0x00000000        0x0 C:/Program Files (x86)/Atmel/Studio/7.0/Packs/atmel/ATmega_DFP/1.7.374/gcc/dev/atmega32/avr5/crtatmega32.o
 .text          0x00000000        0x0 App/App.o
 .data          0x00000000        0x0 App/App.o
 .bss           0x00000000        0x0 App/App.o
 .text          0x00000000        0x0 HAL/7seg/sevenseg.o
 .data          0x00000000        0x0 HAL/7seg/sevenseg.o
 .bss           0x00000000        0x0 HAL/7seg/sevenseg.o
 .text          0x00000000        0x0 HAL/Buttons/Buttons.o
 .data          0x00000000        0x0 HAL/Buttons/Buttons.o
 .bss           0x00000000        0x0 HAL/Buttons/Buttons.o
 .text          0x00000000        0x0 HAL/Cooling element/cooling.o
 .data          0x00000000        0x0 HAL/Cooling element/cooling.o
 .bss           0x00000000        0x0 HAL/Cooling element/cooling.o
 .text          0x00000000        0x0 HAL/Heating element/Heatelem.o
 .data          0x00000000        0x0 HAL/Heating element/Heatelem.o
 .bss           0x00000000        0x0 HAL/Heating element/Heatelem.o
 .text          0x00000000        0x0 interrupts/interrupts.o
 .data          0x00000000        0x0 interrupts/interrupts.o
 .bss           0x00000000        0x0 interrupts/interrupts.o
 .text          0x00000000        0x0 main.o
 .data          0x00000000        0x0 main.o
 .bss           0x00000000        0x0 main.o
 .text          0x00000000        0x0 MCAL/EEPROM/EEPROM.o
 .data          0x00000000        0x0 MCAL/EEPROM/EEPROM.o
 .bss           0x00000000        0x0 MCAL/EEPROM/EEPROM.o
 .text          0x00000000        0x0 MCAL/TempSensADC/TempSens.o
 .data          0x00000000        0x0 MCAL/TempSensADC/TempSens.o
 .bss           0x00000000        0x0 MCAL/TempSensADC/TempSens.o
 .text          0x00000000        0x0 MCAL/Timers/Timer.o
 .data          0x00000000        0x0 MCAL/Timers/Timer.o
 .bss           0x00000000        0x0 MCAL/Timers/Timer.o
 .text          0x00000000        0x0 c:/program files (x86)/atmel/studio/7.0/toolchain/avr8/avr8-gnu-toolchain/bin/../lib/gcc/avr/5.4.0/avr5\libgcc.a(_exit.o)
 .data          0x00000000        0x0 c:/program files (x86)/atmel/studio/7.0/toolchain/avr8/avr8-gnu-toolchain/bin/../lib/gcc/avr/5.4.0/avr5\libgcc.a(_exit.o)
 .bss           0x00000000        0x0 c:/program files (x86)/atmel/studio/7.0/toolchain/avr8/avr8-gnu-toolchain/bin/../lib/gcc/avr/5.4.0/avr5\libgcc.a(_exit.o)
 .text.libgcc.mul
                0x00000000        0x0 c:/program files (x86)/atmel/studio/7.0/toolchain/avr8/avr8-gnu-toolchain/bin/../lib/gcc/avr/5.4.0/avr5\libgcc.a(_exit.o)
 .text.libgcc.div
                0x00000000        0x0 c:/program files (x86)/atmel/studio/7.0/toolchain/avr8/avr8-gnu-toolchain/bin/../lib/gcc/avr/5.4.0/avr5\libgcc.a(_exit.o)
 .text.libgcc   0x00000000        0x0 c:/program files (x86)/atmel/studio/7.0/toolchain/avr8/avr8-gnu-toolchain/bin/../lib/gcc/avr/5.4.0/avr5\libgcc.a(_exit.o)
 .text.libgcc.prologue
                0x00000000        0x0 c:/program files (x86)/atmel/studio/7.0/toolchain/avr8/avr8-gnu-toolchain/bin/../lib/gcc/avr/5.4.0/avr5\libgcc.a(_exit.o)
 .text.libgcc.builtins
                0x00000000        0x0 c:/program files (x86)/atmel/studio/7.0/toolchain/avr8/avr8-gnu-toolchain/bin/../lib/gcc/avr/5.4.0/avr5\libgcc.a(_exit.o)
 .text.libgcc.fmul
                0x00000000        0x0 c:/program files (x86)/atmel/studio/7.0/toolchain/avr8/avr8-gnu-toolchain/bin/../lib/gcc/avr/5.4.0/avr5\libgcc.a(_exit.o)
 .text.libgcc.fixed
                0x00000000        0x0 c:/program files (x86)/atmel/studio/7.0/toolchain/avr8/avr8-gnu-toolchain/bin/../lib/gcc/avr/5.4.0/avr5\libgcc.a(_exit.o)
 .text          0x00000000        0x0 c:/program files (x86)/atmel/studio/7.0/toolchain/avr8/avr8-gnu-toolchain/bin/../lib/gcc/avr/5.4.0/avr5\libgcc.a(_clear_bss.o)
 .data          0x00000000        0x0 c:/program files (x86)/atmel/studio/7.0/toolchain/avr8/avr8-gnu-toolchain/bin/../lib/gcc/avr/5.4.0/avr5\libgcc.a(_clear_bss.o)
 .bss           0x00000000        0x0 c:/program files (x86)/atmel/studio/7.0/toolchain/avr8/avr8-gnu-toolchain/bin/../lib/gcc/avr/5.4.0/avr5\libgcc.a(_clear_bss.o)
 .text.libgcc.mul
                0x00000000        0x0 c:/program files (x86)/atmel/studio/7.0/toolchain/avr8/avr8-gnu-toolchain/bin/../lib/gcc/avr/5.4.0/avr5\libgcc.a(_clear_bss.o)
 .text.libgcc.div
                0x00000000        0x0 c:/program files (x86)/atmel/studio/7.0/toolchain/avr8/avr8-gnu-toolchain/bin/../lib/gcc/avr/5.4.0/avr5\libgcc.a(_clear_bss.o)
 .text.libgcc   0x00000000        0x0 c:/program files (x86)/atmel/studio/7.0/toolchain/avr8/avr8-gnu-toolchain/bin/../lib/gcc/avr/5.4.0/avr5\libgcc.a(_clear_bss.o)
 .text.libgcc.prologue
                0x00000000        0x0 c:/program files (x86)/atmel/studio/7.0/toolchain/avr8/avr8-gnu-toolchain/bin/../lib/gcc/avr/5.4.0/avr5\libgcc.a(_clear_bss.o)
 .text.libgcc.builtins
                0x00000000        0x0 c:/program files (x86)/atmel/studio/7.0/toolchain/avr8/avr8-gnu-toolchain/bin/../lib/gcc/avr/5.4.0/avr5\libgcc.a(_clear_bss.o)
 .text.libgcc.fmul
                0x00000000        0x0 c:/program files (x86)/atmel/studio/7.0/toolchain/avr8/avr8-gnu-toolchain/bin/../lib/gcc/avr/5.4.0/avr5\libgcc.a(_clear_bss.o)
 .text.libgcc.fixed
                0x00000000        0x0 c:/program files (x86)/atmel/studio/7.0/toolchain/avr8/avr8-gnu-toolchain/bin/../lib/gcc/avr/5.4.0/avr5\libgcc.a(_clear_bss.o)
 .text          0x00000000        0x0 c:/program files (x86)/atmel/studio/7.0/toolchain/avr8/avr8-gnu-toolchain/bin/../lib/gcc/avr/5.4.0/avr5\libgcc.a(_umulhisi3.o)
 .data          0x00000000        0x0 c:/program files (x86)/atmel/studio/7.0/toolchain/avr8/avr8-gnu-toolchain/bin/../lib/gcc/avr/5.4.0/avr5\libgcc.a(_umulhisi3.o)
 .bss           0x00000000        0x0 c:/program files (x86)/atmel/studio/7.0/toolchain/avr8/avr8-gnu-toolchain/bin/../lib/gcc/avr/5.4.0/avr5\libgcc.a(_umulhisi3.o)
 .text.libgcc.div
                0x00000000        0x0 c:/program files (x86)/atmel/studio/7.0/toolchain/avr8/avr8-gnu-toolchain/bin/../lib/gcc/avr/5.4.0/avr5\libgcc.a(_umulhisi3.o)
 .text.libgcc   0x00000000        0x0 c:/program files (x86)/atmel/studio/7.0/toolchain/avr8/avr8-gnu-toolchain/bin/../lib/gcc/avr/5.4.0/avr5\libgcc.a(_umulhisi3.o)
 .text.libgcc.prologue
                0x00000000        0x0 c:/program files (x86)/atmel/studio/7.0/toolchain/avr8/avr8-gnu-toolchain/bin/../lib/gcc/avr/5.4.0/avr5\libgcc.a(_umulhisi3.o)
 .text.libgcc.builtins
                0x00000000        0x0 c:/program files (x86)/atmel/studio/7.0/toolchain/avr8/avr8-gnu-toolchain/bin/../lib/gcc/avr/5.4.0/avr5\libgcc.a(_umulhisi3.o)
 .text.libgcc.fmul
                0x00000000        0x0 c:/program files (x86)/atmel/studio/7.0/toolchain/avr8/avr8-gnu-toolchain/bin/../lib/gcc/avr/5.4.0/avr5\libgcc.a(_umulhisi3.o)
 .text.libgcc.fixed
                0x00000000        0x0 c:/program files (x86)/atmel/studio/7.0/toolchain/avr8/avr8-gnu-toolchain/bin/../lib/gcc/avr/5.4.0/avr5\libgcc.a(_umulhisi3.o)

Memory Configuration

Name             Origin             Length             Attributes
text             0x00000000         0x00008000         xr
data             0x00800060         0x00000800         rw !x
eeprom           0x00810000         0x00000400         rw !x
fuse             0x00820000         0x00000002         rw !x
lock             0x00830000         0x00000400         rw !x
signature        0x00840000         0x00000400         rw !x
user_signatures  0x00850000         0x00000400         rw !x
*default*        0x00000000         0xffffffff

Linker script and memory map

LOAD C:/Program Files (x86)/Atmel/Studio/7.0/Packs/atmel/ATmega_DFP/1.7.374/gcc/dev/atmega32/avr5/crtatmega32.o
LOAD App/App.o
LOAD HAL/7seg/sevenseg.o
LOAD HAL/Buttons/Buttons.o
LOAD HAL/Cooling element/cooling.o
LOAD HAL/Heating element/Heatelem.o
LOAD interrupts/interrupts.o
LOAD main.o
LOAD MCAL/EEPROM/EEPROM.o
LOAD MCAL/TempSensADC/TempSens.o
LOAD MCAL/Timers/Timer.o
START GROUP
LOAD c:/program files (x86)/atmel/studio/7.0/toolchain/avr8/avr8-gnu-toolchain/bin/../lib/gcc/avr/5.4.0/../../../../avr/lib/avr5\libm.a
END GROUP
START GROUP
LOAD c:/program files (x86)/atmel/studio/7.0/toolchain/avr8/avr8-gnu-toolchain/bin/../lib/gcc/avr/5.4.0/avr5\libgcc.a
LOAD c:/program files (x86)/atmel/studio/7.0/toolchain/avr8/avr8-gnu-toolchain/bin/../lib/gcc/avr/5.4.0/../../../../avr/lib/avr5\libm.a
LOAD c:/program files (x86)/atmel/studio/7.0/toolchain/avr8/avr8-gnu-toolchain/bin/../lib/gcc/avr/5.4.0/../../../../avr/lib/avr5\libc.a
LOAD C:/Program Files (x86)/Atmel/Studio/7.0/Packs/atmel/ATmega_DFP/1.7.374/gcc/dev/atmega32/avr5\libatmega32.a
END GROUP
                0x00000000                __TEXT_REGION_ORIGIN__ = DEFINED (__TEXT_REGION_ORIGIN__)?__TEXT_REGION_ORIGIN__:0x0
                [0x00800060]                __DATA_REGION_ORIGIN__ = DEFINED (__DATA_REGION_ORIGIN__)?__DATA_REGION_ORIGIN__:0x800060
                [0x00008000]                __TEXT_REGION_LENGTH__ = DEFINED (__TEXT_REGION_LENGTH__)?__TEXT_REGION_LENGTH__:0x20000
                [0x00000800]                __DATA_REGION_LENGTH__ = DEFINED (__DATA_REGION_LENGTH__)?__DATA_REGION_LENGTH__:0xffa0
                [0x00000400]                __EEPROM_REGION_LENGTH__ = DEFINED (__EEPROM_REGION_LENGTH__)?__EEPROM_REGION_LENGTH__:0x10000
                [0x00000002]                __FUSE_REGION_LENGTH__ = DEFINED (__FUSE_REGION_LENGTH__)?__FUSE_REGION_LENGTH__:0x400
                0x00000400                __LOCK_REGION_LENGTH__ = DEFINED (__LOCK_REGION_LENGTH__)?__LOCK_REGION_LENGTH__:0x400
                0x00000400                __SIGNATURE_REGION_LENGTH__ = DEFINED (__SIGNATURE_REGION_LENGTH__)?__SIGNATURE_REGION_LENGTH__:0x400
                0x00000400                __USER_SIGNATURE_REGION_LENGTH__ = DEFINED (__USER_SIGNATURE_REGION_LENGTH__)?__USER_SIGNATURE_REGION_LENGTH__:0x400

.hash
 *(.hash)

.dynsym
 *(.dynsym)

.dynstr
 *(.dynstr)

.gnu.version
 *(.gnu.version)

.gnu.version_d
 *(.gnu.version_d)

.gnu.version_r
 *(.gnu.version_r)

.rel.init
 *(.rel.init)

.rela.init
 *(.rela.init)

.rel.text
 *(.rel.text)
 *(.rel.text.*)
 *(.rel.gnu.linkonce.t*)

.rela.text
 *(.rela.text)
 *(.rela.text.*)
 *(.rela.gnu.linkonce.t*)

.rel.fini
 *(.rel.fini)

.rela.fini
 *(.rela.fini)

.rel.rodata
 *(.rel.rodata)
 *(.rel.rodata.*)
 *(.rel.gnu.linkonce.r*)

.rela.rodata
 *(.rela.rodata)
 *(.rela.rodata.*)
 *(.rela.gnu.linkonce.r*)

.rel.data
 *(.rel.data)
 *(.rel.data.*)
 *(.rel.gnu.linkonce.d*)

.rela.data
 *(.rela.data)
 *(.rela.data.*)
 *(.rela.gnu.linkonce.d*)

.rel.ctors
 *(.rel.ctors)

.rela.ctors
 *(.rela.ctors)

.rel.dtors
 *(.rel.dtors)

.rela.dtors
 *(.rela.dtors)

.rel.got
 *(.rel.got)

.rela.got
 *(.rela.got)

.rel.bss
 *(.rel.bss)

.rela.bss
 *(.rela.bss)

.rel.plt
 *(.rel.plt)

.rela.plt
 *(.rela.plt)

.text           0x00000000      0x656
 *(.vectors)
 .vectors       0x00000000       0x54 C:/Program Files (x86)/Atmel/Studio/7.0/Packs/atmel/ATmega_DFP/1.7.374/gcc/dev/atmega32/avr5/crtatmega32.o
                0x00000000                __vector_default
                0x00000000                __vectors
 *(.vectors)
 *(.progmem.gcc*)
                0x00000054                . = ALIGN (0x2)
                0x00000054                __trampolines_start = .
 *(.trampolines)
 .trampolines   0x00000054        0x0 linker stubs
 *(.trampolines*)
                0x00000054                __trampolines_end = .
 *libprintf_flt.a:*(.progmem.data)
 *libc.a:*(.progmem.data)
 *(.progmem*)
                0x00000054                . = ALIGN (0x2)
 *(.jumptables)
 *(.jumptables*)
 *(.lowtext)
 *(.lowtext*)
                0x00000054                __ctors_start = .
 *(.ctors)
                0x00000054                __ctors_end = .
                0x00000054                __dtors_start = .
 *(.dtors)
                0x00000054                __dtors_end = .
 SORT(*)(.ctors)
 SORT(*)(.dtors)
 *(.init0)
 .init0         0x00000054        0x0 C:/Program Files (x86)/Atmel/Studio/7.0/Packs/atmel/ATmega_DFP/1.7.374/gcc/dev/atmega32/avr5/crtatmega32.o
                0x00000054                __init
 *(.init0)
 *(.init1)
 *(.init1)
 *(.init2)
 .init2         0x00000054        0xc C:/Program Files (x86)/Atmel/Studio/7.0/Packs/atmel/ATmega_DFP/1.7.374/gcc/dev/atmega32/avr5/crtatmega32.o
 *(.init2)
 *(.init3)
 *(.init3)
 *(.init4)
 .init4         0x00000060       0x10 c:/program files (x86)/atmel/studio/7.0/toolchain/avr8/avr8-gnu-toolchain/bin/../lib/gcc/avr/5.4.0/avr5\libgcc.a(_clear_bss.o)
                0x00000060                __do_clear_bss
 *(.init4)
 *(.init5)
 *(.init5)
 *(.init6)
 *(.init6)
 *(.init7)
 *(.init7)
 *(.init8)
 *(.init8)
 *(.init9)
 .init9         0x00000070        0x8 C:/Program Files (x86)/Atmel/Studio/7.0/Packs/atmel/ATmega_DFP/1.7.374/gcc/dev/atmega32/avr5/crtatmega32.o
 *(.init9)
 *(.text)
 .text          0x00000078        0x4 C:/Program Files (x86)/Atmel/Studio/7.0/Packs/atmel/ATmega_DFP/1.7.374/gcc/dev/atmega32/avr5/crtatmega32.o
                0x00000078                __vector_12
                0x00000078                __bad_interrupt
                0x00000078                __vector_6
                0x00000078                __vector_11
                0x00000078                __vector_13
                0x00000078                __vector_17
                0x00000078                __vector_19
                0x00000078                __vector_5
                0x00000078                __vector_9
                0x00000078                __vector_15
                0x00000078                __vector_8
                0x00000078                __vector_14
                0x00000078                __vector_16
                0x00000078                __vector_18
                0x00000078                __vector_20
                0x0000007c                . = ALIGN (0x2)
 *(.text.*)
 .text.add_new_temp
                0x0000007c       0x20 App/App.o
                0x0000007c                add_new_temp
 .text.calc_avg_temp
                0x0000009c       0x32 App/App.o
                0x0000009c                calc_avg_temp
 .text.temp_arr_init
                0x000000ce       0x2a App/App.o
                0x000000ce                temp_arr_init
 .text.closed   0x000000f8       0x20 App/App.o
                0x000000f8                closed
 .text.TempSetMod
                0x00000118       0xae App/App.o
                0x00000118                TempSetMod
 .text.Operation
                0x000001c6       0x68 App/App.o
                0x000001c6                Operation
 .text.seven_init
                0x0000022e       0x38 HAL/7seg/sevenseg.o
                0x0000022e                seven_init
 .text.disp     0x00000266       0x32 HAL/7seg/sevenseg.o
                0x00000266                disp
 .text.Button_init
                0x00000298       0x14 HAL/Buttons/Buttons.o
                0x00000298                Button_init
 .text.cooling_init
                0x000002ac        0xe HAL/Cooling element/cooling.o
                0x000002ac                cooling_init
 .text.Heat_init
                0x000002ba        0xe HAL/Heating element/Heatelem.o
                0x000002ba                Heat_init
 .text.Enable_INT2
                0x000002c8       0x14 interrupts/interrupts.o
                0x000002c8                Enable_INT2
 .text.Enable_INT0
                0x000002dc       0x1a interrupts/interrupts.o
                0x000002dc                Enable_INT0
 .text.Enable_INT1
                0x000002f6       0x1a interrupts/interrupts.o
                0x000002f6                Enable_INT1
 .text.__vector_10
                0x00000310       0x86 main.o
                0x00000310                __vector_10
 .text.__vector_1
                0x00000396       0x2a main.o
                0x00000396                __vector_1
 .text.__vector_2
                0x000003c0       0x2a main.o
                0x000003c0                __vector_2
 .text.__vector_3
                0x000003ea       0x18 main.o
                0x000003ea                __vector_3
 .text.__vector_7
                0x00000402       0x32 main.o
                0x00000402                __vector_7
 .text.__vector_4
                0x00000434       0x32 main.o
                0x00000434                __vector_4
 .text.main     0x00000466       0xc2 main.o
                0x00000466                main
 .text.EEPROM_read
                0x00000528        0xe MCAL/EEPROM/EEPROM.o
                0x00000528                EEPROM_read
 .text.EEPROM_write
                0x00000536       0x34 MCAL/EEPROM/EEPROM.o
                0x00000536                EEPROM_write
 .text.adc_init
                0x0000056a       0x10 MCAL/TempSensADC/TempSens.o
                0x0000056a                adc_init
 .text.adc_read
                0x0000057a       0x16 MCAL/TempSensADC/TempSens.o
                0x0000057a                adc_read
 .text.timer0_init
                0x00000590       0x34 MCAL/Timers/Timer.o
                0x00000590                timer0_init
 .text.timer1_init
                0x000005c4       0x44 MCAL/Timers/Timer.o
                0x000005c4                timer1_init
 .text.timer2_init
                0x00000608       0x2c MCAL/Timers/Timer.o
                0x00000608                timer2_init
 .text.libgcc.mul
                0x00000634       0x1e c:/program files (x86)/atmel/studio/7.0/toolchain/avr8/avr8-gnu-toolchain/bin/../lib/gcc/avr/5.4.0/avr5\libgcc.a(_umulhisi3.o)
                0x00000634                __umulhisi3
                0x00000652                . = ALIGN (0x2)
 *(.fini9)
 .fini9         0x00000652        0x0 c:/program files (x86)/atmel/studio/7.0/toolchain/avr8/avr8-gnu-toolchain/bin/../lib/gcc/avr/5.4.0/avr5\libgcc.a(_exit.o)
                0x00000652                _exit
                0x00000652                exit
 *(.fini9)
 *(.fini8)
 *(.fini8)
 *(.fini7)
 *(.fini7)
 *(.fini6)
 *(.fini6)
 *(.fini5)
 *(.fini5)
 *(.fini4)
 *(.fini4)
 *(.fini3)
 *(.fini3)
 *(.fini2)
 *(.fini2)
 *(.fini1)
 *(.fini1)
 *(.fini0)
 .fini0         0x00000652        0x4 c:/program files (x86)/atmel/studio/7.0/toolchain/avr8/avr8-gnu-toolchain/bin/../lib/gcc/avr/5.4.0/avr5\libgcc.a(_exit.o)
 *(.fini0)
                0x00000656                _etext = .

.data           0x00800060        0x0 load address 0x00000656
                [!provide]                PROVIDE (__data_start, .)
 *(.data)
 *(.data*)
 *(.gnu.linkonce.d*)
 *(.rodata)
 *(.rodata*)
 *(.gnu.linkonce.r*)
                0x00800060                . = ALIGN (0x2)
                0x00800060                _edata = .
                [!provide]                PROVIDE (__data_end, .)

.bss            0x00800060       0x18
                0x00800060                PROVIDE (__bss_start, .)
 *(.bss)
 *(.bss*)
 *(COMMON)
 COMMON         0x00800060       0x18 App/App.o
                0x00800060                counter_timer0
                0x00800061                CrrTemp
                0x00800062                arr_counter
                0x00800063                temp_measure_f
                0x00800064                right
                0x00800065                state
                0x00800066                left
                0x00800067                actual_temp
                0x00800068                end
                0x00800069                avg_temp
                0x0080006a                heat
                0x0080006b                ovf
                0x0080006c                SetTemp
                0x0080006d                counter_timer1
                0x0080006e                temp_arr
                0x00800078                PROVIDE (__bss_end, .)
                0x00000656                __data_load_start = LOADADDR (.data)
                0x00000656                __data_load_end = (__data_load_start + SIZEOF (.data))

.noinit         0x00800078        0x0
                [!provide]                PROVIDE (__noinit_start, .)
 *(.noinit*)
                [!provide]                PROVIDE (__noinit_end, .)
                0x00800078                _end = .
                [!provide]                PROVIDE (__heap_start, .)

.eeprom         0x00810000        0x0
 *(.eeprom*)
                0x00810000                __eeprom_end = .

.fuse
 *(.fuse)
 *(.lfuse)
 *(.hfuse)
 *(.efuse)

.lock
 *(.lock*)

.signature
 *(.signature*)

.user_signatures
 *(.user_signatures*)

.stab
 *(.stab)

.stabstr
 *(.stabstr)

.stab.excl
 *(.stab.excl)

.stab.exclstr
 *(.stab.exclstr)

.stab.index
 *(.stab.index)

.stab.indexstr
 *(.stab.indexstr)

.comment        0x00000000       0x30
 *(.comment)
 .comment       0x00000000       0x30 App/App.o
                                 0x31 (size before relaxing)
 .comment       0x00000030       0x31 HAL/7seg/sevenseg.o
 .comment       0x00000030       0x31 HAL/Buttons/Buttons.o
 .comment       0x00000030       0x31 HAL/Cooling element/cooling.o
 .comment       0x00000030       0x31 HAL/Heating element/Heatelem.o
 .comment       0x00000030       0x31 interrupts/interrupts.o
 .comment       0x00000030       0x31 main.o
 .comment       0x00000030       0x31 MCAL/EEPROM/EEPROM.o
 .comment       0x00000030       0x31 MCAL/TempSensADC/TempSens.o
 .comment       0x00000030       0x31 MCAL/Timers/Timer.o

.note.gnu.avr.deviceinfo
                0x00000000       0x3c
 .note.gnu.avr.deviceinfo
                0x00000000       0x3c C:/Program Files (x86)/Atmel/Studio/7.0/Packs/atmel/ATmega_DFP/1.7.374/gcc/dev/atmega32/avr5/crtatmega32.o

.note.gnu.build-id
 *(.note.gnu.build-id)

.debug
 *(.debug)

.line
 *(.line)

.debug_srcinfo
 *(.debug_srcinfo)

.debug_sfnames
 *(.debug_sfnames)

.debug_aranges  0x00000000      0x1d0
 *(.debug_aranges)
 .debug_aranges
                0x00000000       0x48 App/App.o
 .debug_aranges
                0x00000048       0x28 HAL/7seg/sevenseg.o
 .debug_aranges
                0x00000070       0x20 HAL/Buttons/Buttons.o
 .debug_aranges
                0x00000090       0x20 HAL/Cooling element/cooling.o
 .debug_aranges
                0x000000b0       0x20 HAL/Heating element/Heatelem.o
 .debug_aranges
                0x000000d0       0x30 interrupts/interrupts.o
 .debug_aranges
                0x00000100       0x50 main.o
 .debug_aranges
                0x00000150       0x28 MCAL/EEPROM/EEPROM.o
 .debug_aranges
                0x00000178       0x28 MCAL/TempSensADC/TempSens.o
 .debug_aranges
                0x000001a0       0x30 MCAL/Timers/Timer.o

.debug_pubnames
 *(.debug_pubnames)

.debug_info     0x00000000     0x142b
 *(.debug_info .gnu.linkonce.wi.*)
 .debug_info    0x00000000      0x4e6 C:/Program Files (x86)/Atmel/Studio/7.0/Packs/atmel/ATmega_DFP/1.7.374/gcc/dev/atmega32/avr5/crtatmega32.o
 .debug_info    0x000004e6      0x3b2 App/App.o
 .debug_info    0x00000898       0xd0 HAL/7seg/sevenseg.o
 .debug_info    0x00000968       0x83 HAL/Buttons/Buttons.o
 .debug_info    0x000009eb       0x83 HAL/Cooling element/cooling.o
 .debug_info    0x00000a6e       0x83 HAL/Heating element/Heatelem.o
 .debug_info    0x00000af1       0xaf interrupts/interrupts.o
 .debug_info    0x00000ba0      0x641 main.o
 .debug_info    0x000011e1       0xe9 MCAL/EEPROM/EEPROM.o
 .debug_info    0x000012ca       0xb2 MCAL/TempSensADC/TempSens.o
 .debug_info    0x0000137c       0xaf MCAL/Timers/Timer.o

.debug_abbrev   0x00000000      0xaf3
 *(.debug_abbrev)
 .debug_abbrev  0x00000000      0x4a3 C:/Program Files (x86)/Atmel/Studio/7.0/Packs/atmel/ATmega_DFP/1.7.374/gcc/dev/atmega32/avr5/crtatmega32.o
 .debug_abbrev  0x000004a3      0x1e1 App/App.o
 .debug_abbrev  0x00000684       0x98 HAL/7seg/sevenseg.o
 .debug_abbrev  0x0000071c       0x51 HAL/Buttons/Buttons.o
 .debug_abbrev  0x0000076d       0x51 HAL/Cooling element/cooling.o
 .debug_abbrev  0x000007be       0x51 HAL/Heating element/Heatelem.o
 .debug_abbrev  0x0000080f       0x51 interrupts/interrupts.o
 .debug_abbrev  0x00000860      0x12b main.o
 .debug_abbrev  0x0000098b       0xa1 MCAL/EEPROM/EEPROM.o
 .debug_abbrev  0x00000a2c       0x76 MCAL/TempSensADC/TempSens.o
 .debug_abbrev  0x00000aa2       0x51 MCAL/Timers/Timer.o

.debug_line     0x00000000      0xda1
 *(.debug_line .debug_line.* .debug_line_end)
 .debug_line    0x00000000      0x116 C:/Program Files (x86)/Atmel/Studio/7.0/Packs/atmel/ATmega_DFP/1.7.374/gcc/dev/atmega32/avr5/crtatmega32.o
 .debug_line    0x00000116      0x2f5 App/App.o
 .debug_line    0x0000040b       0xd2 HAL/7seg/sevenseg.o
 .debug_line    0x000004dd       0xba HAL/Buttons/Buttons.o
 .debug_line    0x00000597       0xbc HAL/Cooling element/cooling.o
 .debug_line    0x00000653       0xbd HAL/Heating element/Heatelem.o
 .debug_line    0x00000710      0x10c interrupts/interrupts.o
 .debug_line    0x0000081c      0x273 main.o
 .debug_line    0x00000a8f       0xec MCAL/EEPROM/EEPROM.o
 .debug_line    0x00000b7b       0xf2 MCAL/TempSensADC/TempSens.o
 .debug_line    0x00000c6d      0x134 MCAL/Timers/Timer.o

.debug_frame    0x00000000      0x320
 *(.debug_frame)
 .debug_frame   0x00000000       0x74 App/App.o
 .debug_frame   0x00000074       0x34 HAL/7seg/sevenseg.o
 .debug_frame   0x000000a8       0x24 HAL/Buttons/Buttons.o
 .debug_frame   0x000000cc       0x24 HAL/Cooling element/cooling.o
 .debug_frame   0x000000f0       0x24 HAL/Heating element/Heatelem.o
 .debug_frame   0x00000114       0x44 interrupts/interrupts.o
 .debug_frame   0x00000158      0x11c main.o
 .debug_frame   0x00000274       0x34 MCAL/EEPROM/EEPROM.o
 .debug_frame   0x000002a8       0x34 MCAL/TempSensADC/TempSens.o
 .debug_frame   0x000002dc       0x44 MCAL/Timers/Timer.o

.debug_str      0x00000000      0x5f3
 *(.debug_str)
 .debug_str     0x00000000      0x196 C:/Program Files (x86)/Atmel/Studio/7.0/Packs/atmel/ATmega_DFP/1.7.374/gcc/dev/atmega32/avr5/crtatmega32.o
 .debug_str     0x00000196      0x263 App/App.o
                                0x2a5 (size before relaxing)
 .debug_str     0x000003f9       0x27 HAL/7seg/sevenseg.o
                                0x19d (size before relaxing)
 .debug_str     0x00000420       0x25 HAL/Buttons/Buttons.o
                                0x186 (size before relaxing)
 .debug_str     0x00000445       0x2e HAL/Cooling element/cooling.o
                                0x18f (size before relaxing)
 .debug_str     0x00000473       0x2c HAL/Heating element/Heatelem.o
                                0x18d (size before relaxing)
 .debug_str     0x0000049f       0x3f interrupts/interrupts.o
                                0x1a0 (size before relaxing)
 .debug_str     0x000004de       0x9a main.o
                                0x326 (size before relaxing)
 .debug_str     0x00000578       0x3c MCAL/EEPROM/EEPROM.o
                                0x1b6 (size before relaxing)
 .debug_str     0x000005b4       0x28 MCAL/TempSensADC/TempSens.o
                                0x19b (size before relaxing)
 .debug_str     0x000005dc       0x17 MCAL/Timers/Timer.o
                                0x19c (size before relaxing)

.debug_loc      0x00000000      0x484
 *(.debug_loc)
 .debug_loc     0x00000000      0x189 App/App.o
 .debug_loc     0x00000189       0x63 HAL/7seg/sevenseg.o
 .debug_loc     0x000001ec      0x1f7 main.o
 .debug_loc     0x000003e3       0xa1 MCAL/EEPROM/EEPROM.o

.debug_macinfo
 *(.debug_macinfo)

.debug_weaknames
 *(.debug_weaknames)

.debug_funcnames
 *(.debug_funcnames)

.debug_typenames
 *(.debug_typenames)

.debug_varnames
 *(.debug_varnames)

.debug_pubtypes
 *(.debug_pubtypes)

.debug_ranges   0x00000000      0x130
 *(.debug_ranges)
 .debug_ranges  0x00000000       0x38 App/App.o
 .debug_ranges  0x00000038       0x18 HAL/7seg/sevenseg.o
 .debug_ranges  0x00000050       0x10 HAL/Buttons/Buttons.o
 .debug_ranges  0x00000060       0x10 HAL/Cooling element/cooling.o
 .debug_ranges  0x00000070       0x10 HAL/Heating element/Heatelem.o
 .debug_ranges  0x00000080       0x20 interrupts/interrupts.o
 .debug_ranges  0x000000a0       0x40 main.o
 .debug_ranges  0x000000e0       0x18 MCAL/EEPROM/EEPROM.o
 .debug_ranges  0x000000f8       0x18 MCAL/TempSensADC/TempSens.o
 .debug_ranges  0x00000110       0x20 MCAL/Timers/Timer.o

.debug_macro
 *(.debug_macro)
OUTPUT(ElectricWaterHeater.elf elf32-avr)
LOAD linker stubs
